# commit: da5d2fd6ad2cd173ec83c0be2c4e93c0a8bb2cc0
# date: 2026-10-08T06:30:35Z
# command: NOODARA_SOAK=1 NOODARA_TEST_UBUNTU=24.04 pnpm exec vitest run --config vitest.integration.config.ts tests/integration/deploy-engine/soak.test.ts

 RUN  v5.0.0 /Users/xch4rt/work/myself/noodara/code


> noodara@0.2.0 build /Users/xch4rt/work/myself/noodara/code
> turbo run build --filter=!@noodara/site

• turbo 2.10.12

   • Packages in scope: @noodara/config, @noodara/control-plane, @noodara/docker, @noodara/domain, @noodara/git, @noodara/ssh, @noodara/ui, @noodara/web
   • Running build in 8 packages
   • Remote caching disabled

@noodara/domain:build: cache hit, replaying logs 3504c793414b09e0
@noodara/domain:build: 
@noodara/domain:build: > @noodara/domain@0.2.0 build /Users/xch4rt/work/myself/noodara/code/packages/domain
@noodara/domain:build: > tsc -p tsconfig.build.json
@noodara/domain:build: 
@noodara/ui:build: cache hit, replaying logs c4d922c5c602b036
@noodara/ui:build: 
@noodara/ui:build: > @noodara/ui@0.2.0 build /Users/xch4rt/work/myself/noodara/code/packages/ui
@noodara/ui:build: > tsc -p tsconfig.build.json
@noodara/ui:build: 
@noodara/ssh:build: cache hit, replaying logs f51d29b5cbbf0dce
@noodara/ssh:build: 
@noodara/ssh:build: > @noodara/ssh@0.2.0 build /Users/xch4rt/work/myself/noodara/code/packages/ssh
@noodara/ssh:build: > tsc -p tsconfig.build.json
@noodara/ssh:build: 
@noodara/docker:build: cache hit, replaying logs 3fde58f6b17bd80a
@noodara/git:build: cache hit, replaying logs 7ab856662a219990
@noodara/docker:build: 
@noodara/docker:build: > @noodara/docker@0.2.0 build /Users/xch4rt/work/myself/noodara/code/packages/docker
@noodara/docker:build: > tsc -p tsconfig.build.json
@noodara/docker:build: 
@noodara/git:build: 
@noodara/git:build: > @noodara/git@0.2.0 build /Users/xch4rt/work/myself/noodara/code/packages/git
@noodara/git:build: > tsc -p tsconfig.build.json
@noodara/git:build: 
@noodara/control-plane:build: cache hit, replaying logs 6880afddda894dd7
@noodara/control-plane:build: 
@noodara/control-plane:build: > @noodara/control-plane@0.2.0 build /Users/xch4rt/work/myself/noodara/code/apps/control-plane
@noodara/control-plane:build: > tsc -p tsconfig.build.json && node scripts/copy-migration-assets.mjs
@noodara/control-plane:build: 
@noodara/control-plane:build: copy-migration-assets: copied /Users/xch4rt/work/myself/noodara/code/apps/control-plane/src/db/migrations -> /Users/xch4rt/work/myself/noodara/code/apps/control-plane/dist/db/migrations
@noodara/web:build: cache hit, replaying logs ee9b5b41db6dcc5d
@noodara/web:build: 
@noodara/web:build: > @noodara/web@0.2.0 build /Users/xch4rt/work/myself/noodara/code/apps/web
@noodara/web:build: > node scripts/sync-brand-assets.mjs && next build
@noodara/web:build: 
@noodara/web:build: sync-brand-assets: no files changed (fully idempotent run).
@noodara/web:build: sync-brand-assets: 7 file(s) already up to date.
@noodara/web:build: ▲ Next.js 16.3.6 (Turbopack)
@noodara/web:build: ✓ Running next.config.ts took 60ms
@noodara/web:build: 
@noodara/web:build:   Creating an optimized production build ...
@noodara/web:build: ✓ Compiled successfully in 809ms
@noodara/web:build:   Running TypeScript ...
@noodara/web:build:   Finished TypeScript in 702ms ...
@noodara/web:build:   Collecting page data using 13 workers ...
@noodara/web:build:   Generating static pages using 13 workers (0/16) ...
@noodara/web:build: ⚠ metadataBase property in metadata export is not set for resolving social open graph or twitter images, using "http://localhost:3000". See https://nextjs.org/docs/app/api-reference/functions/generate-metadata#metadatabase
@noodara/web:build:   Generating static pages using 13 workers (4/16) 
@noodara/web:build:   Generating static pages using 13 workers (8/16) 
@noodara/web:build:   Generating static pages using 13 workers (12/16) 
@noodara/web:build: ✓ Generating static pages using 13 workers (16/16) in 131ms
@noodara/web:build:   Finalizing page optimization ...
@noodara/web:build: 
@noodara/web:build: Route (app)
@noodara/web:build: ┌ ƒ /
@noodara/web:build: ├ ƒ /_not-found
@noodara/web:build: ├ ƒ /[...catchAll]
@noodara/web:build: ├ ƒ /activity
@noodara/web:build: ├ ƒ /api/events
@noodara/web:build: ├ ○ /apple-icon.png
@noodara/web:build: ├ ○ /icon.svg
@noodara/web:build: ├ ○ /icon1.png
@noodara/web:build: ├ ○ /icon2.png
@noodara/web:build: ├ ƒ /login
@noodara/web:build: ├ ○ /manifest.webmanifest
@noodara/web:build: ├ ○ /opengraph-image.png
@noodara/web:build: ├ ƒ /projects
@noodara/web:build: ├ ƒ /projects/[projectId]
@noodara/web:build: ├ ƒ /projects/[projectId]/services/[serviceId]
@noodara/web:build: ├ ƒ /servers
@noodara/web:build: ├ ƒ /servers/[id]
@noodara/web:build: ├ ƒ /settings
@noodara/web:build: └ ○ /setup
@noodara/web:build: 
@noodara/web:build: 
@noodara/web:build: ƒ Proxy (Middleware)
@noodara/web:build: 
@noodara/web:build: ○  (Static)   prerendered as static content
@noodara/web:build: ƒ  (Dynamic)  server-rendered on demand
@noodara/web:build: 

 Tasks:    7 successful, 7 total
Cached:    7 cached, 7 total
  Time:    74ms >>> FULL TURBO

[soak] Ubuntu 24.04: writing per-iteration artifact to /var/folders/cn/d9sr_41x1zdbn7127n26ggwr0000gn/T/noodara-soak-artifacts/soak-ubuntu-24.04.json
[soak] Ubuntu 24.04: artifact /var/folders/cn/d9sr_41x1zdbn7127n26ggwr0000gn/T/noodara-soak-artifacts/soak-ubuntu-24.04.json summary {"deployP50Ms":4041,"deployMaxMs":6061,"cycleDeployP50Ms":4034,"cycleDeployMaxMs":4042,"cycleP50Ms":4366,"cycleMaxMs":4407}

 Test Files  1 passed (1)
      Tests  2 passed (2)
   Start at  00:30:36
   Duration  233.74s (tests 99%)

# exit: 0
# duration_s: 235
