# commit: d8c41e9 (remote main; local HEAD at gate run da5d2fd6ad2cd173ec83c0be2c4e93c0a8bb2cc0)
# date: 2026-10-08T05:03:41Z
# source: gh api actions/jobs/113151454687/logs (CI run 37728319848, job security), excerpt
2026-10-08T04:37:26.6361553Z ##[group]Run pnpm audit --audit-level=high
2026-10-08T04:37:26.6361949Z [36;1mpnpm audit --audit-level=high[0m
2026-10-08T04:37:26.6424873Z shell: /usr/bin/bash -e {0}
2026-10-08T04:37:26.6425135Z env:
2026-10-08T04:37:26.6425334Z   NODE_VERSION: 22
2026-10-08T04:37:26.6425600Z   NOODARA_API_ORIGIN: http://localhost:3100
2026-10-08T04:37:26.6425997Z   PNPM_HOME: /home/runner/setup-pnpm/node_modules/.bin
2026-10-08T04:37:26.6426332Z ##[endgroup]
2026-10-08T04:37:27.3163959Z ┌─────────────────────┬────────────────────────────────────────────────────────┐
2026-10-08T04:37:27.3164825Z │ high                │ sharp : Vulnerability in librsvg dependency            │
2026-10-08T04:37:27.3165465Z │                     │ CVE-2026-96889                                         │
2026-10-08T04:37:27.3166070Z ├─────────────────────┼────────────────────────────────────────────────────────┤
2026-10-08T04:37:27.3166711Z │ Package             │ sharp                                                  │
2026-10-08T04:37:27.3167320Z ├─────────────────────┼────────────────────────────────────────────────────────┤
2026-10-08T04:37:27.3167911Z │ Vulnerable versions │ <0.35.5                                                │
2026-10-08T04:37:27.3168540Z ├─────────────────────┼────────────────────────────────────────────────────────┤
2026-10-08T04:37:27.3169521Z │ Patched versions    │ >=0.35.5                                               │
2026-10-08T04:37:27.3170128Z ├─────────────────────┼────────────────────────────────────────────────────────┤
2026-10-08T04:37:27.3170841Z │ Paths               │ .>sharp                                                │
2026-10-08T04:37:27.3171441Z ├─────────────────────┼────────────────────────────────────────────────────────┤
2026-10-08T04:37:27.3172106Z │ More info           │ https://github.com/advisories/GHSA-wq5f-xc86-pv6w      │
2026-10-08T04:37:27.3172752Z └─────────────────────┴────────────────────────────────────────────────────────┘
2026-10-08T04:37:27.3173351Z ┌─────────────────────┬────────────────────────────────────────────────────────┐
2026-10-08T04:37:27.3173926Z │ high                │ Next.js has Server-Side Request Forgery in Image       │
2026-10-08T04:37:27.3174509Z │                     │ Optimization                                           │
2026-10-08T04:37:27.3175125Z ├─────────────────────┼────────────────────────────────────────────────────────┤
2026-10-08T04:37:27.3175681Z │ Package             │ next                                                   │
2026-10-08T04:37:27.3176278Z ├─────────────────────┼────────────────────────────────────────────────────────┤
2026-10-08T04:37:27.3176880Z │ Vulnerable versions │ >=16.0.0 <16.3.8                                       │
2026-10-08T04:37:27.3177505Z ├─────────────────────┼────────────────────────────────────────────────────────┤
2026-10-08T04:37:27.3178070Z │ Patched versions    │ >=16.3.8                                               │
2026-10-08T04:37:27.3178926Z ├─────────────────────┼────────────────────────────────────────────────────────┤
2026-10-08T04:37:27.3179510Z │ Paths               │ apps__site>next                                        │
2026-10-08T04:37:27.3180112Z ├─────────────────────┼────────────────────────────────────────────────────────┤
2026-10-08T04:37:27.3180854Z │ More info           │ https://github.com/advisories/GHSA-cjq9-62q9-8jv4      │
2026-10-08T04:37:27.3181656Z └─────────────────────┴────────────────────────────────────────────────────────┘
2026-10-08T04:37:27.3182028Z 12 vulnerabilities found
2026-10-08T04:37:27.3182347Z Severity: 1 low | 9 moderate | 2 high
2026-10-08T04:37:27.3546706Z ##[error]Process completed with exit code 1.
2026-10-08T04:37:27.3610220Z ##[group]Run stray=$(docker ps -aq --filter "label=noodara.test=true")
2026-10-08T04:37:27.3611100Z [36;1mstray=$(docker ps -aq --filter "label=noodara.test=true")[0m
2026-10-08T04:37:27.3611503Z [36;1mif [ -n "$stray" ]; then[0m
2026-10-08T04:37:27.3611985Z [36;1m  echo "::error::stray containers labelled noodara.test=true survived the security run"[0m
2026-10-08T04:37:27.3612560Z [36;1m  docker ps -a --filter "label=noodara.test=true"[0m
2026-10-08T04:37:27.3612906Z [36;1m  exit 1[0m
2026-10-08T04:37:27.3613105Z [36;1mfi[0m
2026-10-08T04:37:27.3613347Z [36;1mecho "no stray noodara.test=true containers"[0m
2026-10-08T04:37:27.3676491Z shell: /usr/bin/bash -e {0}
2026-10-08T04:37:27.3676757Z env:
2026-10-08T04:37:27.3676956Z   NODE_VERSION: 22
2026-10-08T04:37:27.3677226Z   NOODARA_API_ORIGIN: http://localhost:3100
2026-10-08T04:37:27.3677615Z   PNPM_HOME: /home/runner/setup-pnpm/node_modules/.bin
2026-10-08T04:37:27.3677958Z ##[endgroup]
2026-10-08T04:37:27.4549826Z no stray noodara.test=true containers
