  ✓  173 [chromium] › tests/e2e/theme-first-paint.spec.ts:141:1 › @theme-first-paint GET /login with an auto cookie also omits data-theme from the raw SSR HTML (17ms)
  ✓  174 [chromium] › tests/e2e/theme-first-paint.spec.ts:151:1 › @theme-first-paint a tampered noodara-prefs cookie never yields a data-theme attribute and is never echoed raw into the response body (26ms)
  ✓  175 [chromium] › tests/e2e/theme-first-paint.spec.ts:168:3 › with JavaScript disabled › @theme-first-paint a dark cookie renders data-theme="dark" on <html> and a dark canvas background with JS disabled (139ms)
  ✘  176 [chromium] › tests/e2e/theme-first-paint.spec.ts:181:1 › @theme-first-paint no theme flash on reload for dark and light, on /login and on /servers after login (1.3s)
  ✓  177 [chromium] › tests/e2e/theme-first-paint.spec.ts:224:1 › @theme-first-paint no theme flash for a light preference on /login (440ms)
  ✓  178 [chromium] › tests/e2e/deploy-host.spec.ts:30:3 › @deploy-host e2e deploy host › runs docker info inside the deploy host (73ms)
  ✓  179 [chromium] › tests/e2e/deploy-host.spec.ts:36:3 › @deploy-host e2e deploy host › exposes ssh data, repo urls and listings (210ms)
  ✓  180 [chromium] › tests/e2e/deploy-host.spec.ts:50:3 › @deploy-host e2e deploy host › curls a port published inside the deploy host (734ms)
  ✓  181 [chromium] › tests/e2e/deploy-host.spec.ts:68:3 › @deploy-host e2e deploy host › exec redacts per-run secrets and enforces a per-call timeout (554ms)
  ✓  182 [chromium] › tests/e2e/deploy-host.spec.ts:81:3 › @deploy-host e2e deploy host › keeps per-run secrets out of serialized handles and inside the run temp dir (14ms)
  ✓  183 [chromium] › tests/e2e/deploy-host.spec.ts:96:3 › @deploy-host e2e deploy host › labels its resources with the run id so teardown finds them (65ms)
  ✓  184 [chromium] › tests/e2e/deploy-host.spec.ts:105:3 › @deploy-host e2e deploy host › sweep is run-scoped and idempotent (789ms)
  ✓  185 [chromium] › tests/e2e/deploy-host.spec.ts:133:3 › @deploy-host e2e deploy host › fails with a named error when the run environment is missing (3ms)
  ✓  186 [chromium] › tests/e2e/deploy.spec.ts:400:3 › @e2e-deploy critical deploy path › deploys node-api from the UI with live build logs, then a failing build leaves it untouched (16.2s)
  ✓  187 [chromium] › tests/e2e/deploy.spec.ts:456:3 › @e2e-deploy critical deploy path › cancels an in-progress build: CANCELLED, no build process and no leftovers on the host (14.7s)
  ✓  188 [chromium] › tests/e2e/deploy.spec.ts:506:3 › @e2e-deploy critical deploy path › a service of project A requested under project B is not found in the UI and the API (1.1s)
  ✓  189 [chromium] › tests/e2e/deploy.spec.ts:551:3 › @e2e-deploy critical deploy path › keeps a registry password entered in the service form out of the DOM, console, responses and artifacts (10.4s)
  ✓  190 [chromium] › tests/e2e/projects-dod.spec.ts:723:5 › @projects-dod Phase 13 screens › A1 projects: text contrast meets the design-system thresholds in light and dark (1.4s)
  ✓  191 [chromium] › tests/e2e/projects-dod.spec.ts:731:5 › @projects-dod Phase 13 screens › A2 projects: no horizontal scroll or clipping at 375/900/1280/1920 px in light and dark (2.9s)
  ✓  192 [chromium] › tests/e2e/projects-dod.spec.ts:745:5 › @projects-dod Phase 13 screens › A3 projects: reduced motion leaves no moving transition or animation (997ms)
  ✓  193 [chromium] › tests/e2e/projects-dod.spec.ts:723:5 › @projects-dod Phase 13 screens › A1 project: text contrast meets the design-system thresholds in light and dark (1.3s)
  ✓  194 [chromium] › tests/e2e/projects-dod.spec.ts:731:5 › @projects-dod Phase 13 screens › A2 project: no horizontal scroll or clipping at 375/900/1280/1920 px in light and dark (3.2s)
  ✓  195 [chromium] › tests/e2e/projects-dod.spec.ts:745:5 › @projects-dod Phase 13 screens › A3 project: reduced motion leaves no moving transition or animation (896ms)
  ✓  196 [chromium] › tests/e2e/projects-dod.spec.ts:723:5 › @projects-dod Phase 13 screens › A1 service: text contrast meets the design-system thresholds in light and dark (1.3s)
  ✓  197 [chromium] › tests/e2e/projects-dod.spec.ts:731:5 › @projects-dod Phase 13 screens › A2 service: no horizontal scroll or clipping at 375/900/1280/1920 px in light and dark (3.2s)
  ✓  198 [chromium] › tests/e2e/projects-dod.spec.ts:745:5 › @projects-dod Phase 13 screens › A3 service: reduced motion leaves no moving transition or animation (994ms)
  ✓  199 [chromium] › tests/e2e/projects-dod.spec.ts:723:5 › @projects-dod Phase 13 screens › A1 project-sheet: text contrast meets the design-system thresholds in light and dark (2.2s)
  ✓  200 [chromium] › tests/e2e/projects-dod.spec.ts:731:5 › @projects-dod Phase 13 screens › A2 project-sheet: no horizontal scroll or clipping at 375/900/1280/1920 px in light and dark (6.2s)
  ✓  201 [chromium] › tests/e2e/projects-dod.spec.ts:745:5 › @projects-dod Phase 13 screens › A3 project-sheet: reduced motion leaves no moving transition or animation (1.4s)
  ✓  202 [chromium] › tests/e2e/projects-dod.spec.ts:723:5 › @projects-dod Phase 13 screens › A1 environment-sheet: text contrast meets the design-system thresholds in light and dark (2.1s)
  ✓  203 [chromium] › tests/e2e/projects-dod.spec.ts:731:5 › @projects-dod Phase 13 screens › A2 environment-sheet: no horizontal scroll or clipping at 375/900/1280/1920 px in light and dark (6.0s)
  ✓  204 [chromium] › tests/e2e/projects-dod.spec.ts:745:5 › @projects-dod Phase 13 screens › A3 environment-sheet: reduced motion leaves no moving transition or animation (1.3s)
  ✓  205 [chromium] › tests/e2e/projects-dod.spec.ts:723:5 › @projects-dod Phase 13 screens › A1 service-sheet: text contrast meets the design-system thresholds in light and dark (2.0s)
  ✓  206 [chromium] › tests/e2e/projects-dod.spec.ts:731:5 › @projects-dod Phase 13 screens › A2 service-sheet: no horizontal scroll or clipping at 375/900/1280/1920 px in light and dark (6.1s)
  ✓  207 [chromium] › tests/e2e/projects-dod.spec.ts:745:5 › @projects-dod Phase 13 screens › A3 service-sheet: reduced motion leaves no moving transition or animation (1.4s)
  ✓  208 [chromium] › tests/e2e/projects-dod.spec.ts:723:5 › @projects-dod Phase 13 screens › A1 inspector-build-log: text contrast meets the design-system thresholds in light and dark (1.5s)
  ✓  209 [chromium] › tests/e2e/projects-dod.spec.ts:731:5 › @projects-dod Phase 13 screens › A2 inspector-build-log: no horizontal scroll or clipping at 375/900/1280/1920 px in light and dark (3.6s)
  ✓  210 [chromium] › tests/e2e/projects-dod.spec.ts:745:5 › @projects-dod Phase 13 screens › A3 inspector-build-log: reduced motion leaves no moving transition or animation (1.0s)
  ✓  211 [chromium] › tests/e2e/projects-dod.spec.ts:723:5 › @projects-dod Phase 13 screens › A1 inspector-runtime-logs: text contrast meets the design-system thresholds in light and dark (1.9s)
  ✓  212 [chromium] › tests/e2e/projects-dod.spec.ts:731:5 › @projects-dod Phase 13 screens › A2 inspector-runtime-logs: no horizontal scroll or clipping at 375/900/1280/1920 px in light and dark (5.6s)
  ✓  213 [chromium] › tests/e2e/projects-dod.spec.ts:745:5 › @projects-dod Phase 13 screens › A3 inspector-runtime-logs: reduced motion leaves no moving transition or animation (1.3s)
  ✓  214 [chromium] › tests/e2e/projects-dod.spec.ts:757:5 › @projects-dod Phase 13 screens › H1 projects: axe reports no serious or critical violation in light and dark (2.1s)
  ✓  215 [chromium] › tests/e2e/projects-dod.spec.ts:757:5 › @projects-dod Phase 13 screens › H1 project: axe reports no serious or critical violation in light and dark (2.3s)
  ✓  216 [chromium] › tests/e2e/projects-dod.spec.ts:757:5 › @projects-dod Phase 13 screens › H1 service: axe reports no serious or critical violation in light and dark (2.6s)
