7313Z   ✓  135 [chromium] › tests/e2e/settings.spec.ts:457:1 › @settings theme preference follows the account to a second browser (1.5s)
6658Z   ✓  136 [chromium] › tests/e2e/settings.spec.ts:486:1 › @settings reduce motion On forces the Sheet fallback (1.7s)
2375Z   ✘  137 [chromium] › tests/e2e/settings.spec.ts:531:1 › @settings density Compact shrinks rows app-wide (1.4s)
2025Z   ✓  138 [chromium] › tests/e2e/setup.spec.ts:17:1 › @setup every response carries Referrer-Policy: no-referrer (setup-token-url-hardening todo item 2) (291ms)
1094Z   ✓  139 [chromium] › tests/e2e/setup.spec.ts:31:1 › @setup /setup?token=... strips the token from the URL after mount while the field stays pre-filled (352ms)
4788Z   ✓  140 [chromium] › tests/e2e/setup.spec.ts:49:1 › @setup the server-rendered /setup?token=... document never echoes the token into HTML (248ms)
4912Z   ✓  141 [chromium] › tests/e2e/setup.spec.ts:66:1 › @setup a stubbed 500 from POST /api/setup never renders the invalid-link banner (360ms)
6895Z   ✓  142 [chromium] › tests/e2e/setup.spec.ts:82:1 › @setup a network failure on POST /api/setup renders the reachability message, never the invalid-link banner (348ms)
8564Z   ✓  143 [chromium] › tests/e2e/setup.spec.ts:98:1 › @setup a VALIDATION_FAILED body with a mappable issue renders an inline field error, not a banner (317ms)
8289Z   ✓  144 [chromium] › tests/e2e/shell.spec.ts:60:1 › @shell pressing Tab from page load moves through the skip link, the sidebar items, then the account menu trigger (569ms)
0271Z   ✓  145 [chromium] › tests/e2e/shell.spec.ts:87:1 › @shell every focused sidebar item shows a visible, non-zero focus outline (562ms)
6635Z   ✓  146 [chromium] › tests/e2e/shell.spec.ts:106:1 › @shell activating a sidebar item by keyboard navigates to its route (1.1s)
7585Z   ✓  147 [chromium] › tests/e2e/shell.spec.ts:128:1 › @shell the Theme control in Settings sets data-theme and the choice survives a reload (797ms)
5601Z   ✓  148 [chromium] › tests/e2e/shell.spec.ts:157:1 › @shell the sidebar collapses to an icon rail at 1024px and a bottom sheet below 900px (669ms)
7281Z   ✓  149 [chromium] › tests/e2e/shell.spec.ts:180:1 › @shell at a 440x956 mobile viewport, the bottom-sheet drawer shows "Servers"/"Activity"/"Settings" labels next to their icons (550ms)
9641Z   ✓  150 [chromium] › tests/e2e/shell.spec.ts:200:1 › @shell the sidebar has no right-edge border at 1440px (510ms)
6337Z   ✓  151 [chromium] › tests/e2e/shell.spec.ts:220:1 › @shell the sidebar stays pinned to the viewport while the page scrolls, on the server detail screen (783ms)
8695Z   ✓  152 [chromium] › tests/e2e/shell.spec.ts:246:1 › @shell the empty inspector slot resolves once and reserves zero width and no border at every width (662ms)
8305Z   ✓  153 [chromium] › tests/e2e/shell.spec.ts:269:1 › @shell the empty inspector slot does not narrow the content column at 1920px (563ms)
7004Z   ✓  154 [chromium] › tests/e2e/shell.spec.ts:280:1 › @shell the empty inspector slot never renders a Sheet or any full-viewport overlay (528ms)
0642Z   ✓  155 [chromium] › tests/e2e/shell.spec.ts:292:1 › @shell a keyboard-focused leaf at 1024px still shows its tooltip with the leaf label (521ms)
0602Z   ✓  156 [chromium] › tests/e2e/shell.spec.ts:300:1 › @shell signing out through the account menu returns to /login, and a subsequent direct visit to /servers redirects to /login again (761ms)
5780Z   ✓  157 [chromium] › tests/e2e/shell.spec.ts:316:1 › @shell selecting Settings in the account menu closes it and navigates to /settings (707ms)
2646Z   ✓  158 [chromium] › tests/e2e/shell.spec.ts:329:1 › @shell an authenticated visit to the bare origin lands on /servers (688ms)
4311Z   ✓  159 [chromium] › tests/e2e/shell.spec.ts:336:1 › @shell an unauthenticated visit to the bare origin lands on /login (238ms)
5117Z   ✓  160 [chromium] › tests/e2e/shell.spec.ts:354:1 › @shell a session revoked server-side redirects the open tab to /login without a manual reload (16.9s)
8819Z   ✓  161 [chromium] › tests/e2e/shell.spec.ts:393:1 › @sse-live a real SSE frame published mid-connection reaches the browser through the same-origin proxy (643ms)
3184Z   ✓  162 [chromium] › tests/e2e/shell.spec.ts:467:1 › @sse-slots abandoned event streams release their control-plane slot instead of exhausting the cap (799ms)
1482Z   ✓  163 [chromium] › tests/e2e/shell.spec.ts:514:1 › @sse-recover the shell reconnects on its own after its event stream was refused at the connection cap (6.3s)
3557Z   ✓  164 [chromium] › tests/e2e/smoke.spec.ts:12:1 › @smoke an unauthenticated visit to /servers ends on /login (244ms)
6338Z   ✓  165 [chromium] › tests/e2e/smoke.spec.ts:17:1 › @smoke an unauthenticated GET /api/servers returns 401 (71ms)
1067Z   ✓  166 [chromium] › tests/e2e/smoke.spec.ts:22:1 › @smoke the login form exposes accessible Email/Password fields and a login-submit control (244ms)
0950Z   ✓  167 [chromium] › tests/e2e/smoke.spec.ts:31:1 › @smoke signing in with the preseeded admin ends on /servers (531ms)
