50 [chromium] › tests/e2e/discovery.spec.ts:259:1 › @discovery every step exposes its status word in text (974ms)
51 [chromium] › tests/e2e/discovery.spec.ts:273:1 › @discovery Re-run discovery issues POST /discover exactly once and never polls a job endpoint (923ms)
52 [chromium] › tests/e2e/discovery.spec.ts:364:1 › @discovery a page that joins mid-run never shows an unreceived earlier check as resolved, and excludes it from its step (15.9s)
53 [chromium] › tests/e2e/discovery.spec.ts:420:1 › @discovery a finished run leaves no checks behind for the next run to inherit (1.1s)
54 [chromium] › tests/e2e/discovery.spec.ts:458:1 › @discovery-ring a fully successful settled run focuses the ring to its closed/sharp reading (922ms)
55 [chromium] › tests/e2e/discovery.spec.ts:471:1 › @discovery-ring a run that only ever resolves its first three of six steps leaves the ring at three sixths, never complete (959ms)
56 [chromium] › tests/e2e/discovery.spec.ts:506:1 › @discovery-ring a page that joins mid-run shows an intermediate, non-looping ring value while the run is still in flight (987ms)
57 [chromium] › tests/e2e/discovery.spec.ts:534:1 › @ssh-live a real connect-and-discover run against a real sshd fixture delivers live, time-separated per-check SSE progress into the already-mounted browser page, with no reload (4.0s)
58 [chromium] › tests/e2e/dod-hardening.spec.ts:18:1 › @dod-hardening clicking a copy button with navigator.clipboard removed leaves the page functional and shows no confirmation (872ms)
59 [chromium] › tests/e2e/dod-hardening.spec.ts:56:1 › @dod-hardening the server detail screen still renders its facts when localStorage access throws (845ms)
60 [chromium] › tests/e2e/host-key.spec.ts:154:1 › @hostkey the first-trust notice shows with the fingerprint and the verification command; dismissing hides it, a reload keeps it hidden, and the permanent fingerprint row survives (1.1s)
61 [chromium] › tests/e2e/host-key.spec.ts:186:1 › @hostkey a second server in the same browser still shows its own first-trust notice after the first was dismissed (1.1s)
62 [chromium] › tests/e2e/host-key.spec.ts:214:1 › @hostkey the HOST_KEY_CHANGED banner shows both fingerprints labelled Trusted/Observed with dates, the verification command and the mono error code, and the generic banner never appears for it (914ms)
63 [chromium] › tests/e2e/host-key.spec.ts:246:1 › @hostkey the trust-new-fingerprint dialog keeps its confirm button disabled until the exact server name is typed, and a near-miss leaves it disabled (1.0s)
64 [chromium] › tests/e2e/host-key.spec.ts:284:1 › @host-key the trust-new-fingerprint dialog renders the Trusted/New fingerprints in block-aligned diff mode, marks a difference by weight only, and still gates confirmation on the exact typed name (1.0s)
65 [chromium] › tests/e2e/host-key.spec.ts:332:1 › @hostkey confirming with the exact name posts to trust-fingerprint exactly once, carrying the exact fingerprint the dialog displayed; success reflects PENDING with only Connect, and issues no automatic connect request (1.1s)
66 [chromium] › tests/e2e/host-key.spec.ts:403:1 › @hostkey a live server.updated event mid-review swaps the pending fingerprint; the dialog still sends what it displayed, a FINGERPRINT_MISMATCH closes it, and the banner re-renders with the new value (1.1s)
67 [chromium] › tests/e2e/host-key.spec.ts:486:1 › @hostkey UF-01/GR-02 regression: editing the host while ERROR/HOST_KEY_CHANGED clears the pending fingerprint AND the old host's trusted fingerprint, so the trust affordance disappears and nothing stale is left to promote (5.8s)
68 [chromium] › tests/e2e/host-key.spec.ts:588:1 › @hostkey the real trust-fingerprint POST succeeds end to end against the real backend, carrying the exact fingerprint the dialog displayed (5.7s)
69 [chromium] › tests/e2e/keyboard-motion.spec.ts:64:3 › @keyboard-no-animation Sheet (UI-06/UI-05, real transition -- genuine positive/negative control) › @keyboard-no-animation Escape closes the add-server Sheet near-instantly, with no animated frame (713ms)
70 [chromium] › tests/e2e/keyboard-motion.spec.ts:77:3 › @keyboard-no-animation Sheet (UI-06/UI-05, real transition -- genuine positive/negative control) › @keyboard-no-animation clicking the close button plays the real, non-zero exit transition (positive control) (1.1s)
71 [chromium] › tests/e2e/keyboard-motion.spec.ts:104:3 › @keyboard-no-animation Dialog (UI-05, pre-08-14: no real transition to gate yet) › @keyboard-no-animation Escape closes the delete Dialog near-instantly, with no animated frame (1.0s)
72 [chromium] › tests/e2e/keyboard-motion.spec.ts:117:3 › @keyboard-no-animation Dialog (UI-05, pre-08-14: no real transition to gate yet) › @keyboard-no-animation clicking Cancel also closes the delete Dialog near-instantly (08-14 adds its real exit transition later) (1.1s)
73 [chromium] › tests/e2e/keyboard-motion.spec.ts:141:3 › @keyboard-no-animation RowMenu (UI-05, pre-08-14: no real transition to gate yet) › @keyboard-no-animation Escape closes RowMenu near-instantly, with no animated frame (928ms)
74 [chromium] › tests/e2e/keyboard-motion.spec.ts:152:3 › @keyboard-no-animation RowMenu (UI-05, pre-08-14: no real transition to gate yet) › @keyboard-no-animation an outside pointer click also closes RowMenu near-instantly (08-14 adds its real exit transition later) (969ms)
75 [chromium] › tests/e2e/keyboard-motion.spec.ts:174:3 › @keyboard-no-animation AccountMenu (UI-05, pre-08-14: no real transition to gate yet) › @keyboard-no-animation Escape closes AccountMenu near-instantly, with no animated frame (659ms)
76 [chromium] › tests/e2e/keyboard-motion.spec.ts:183:3 › @keyboard-no-animation AccountMenu (UI-05, pre-08-14: no real transition to gate yet) › @keyboard-no-animation an outside pointer click also closes AccountMenu near-instantly (08-14 adds its real exit transition later) (689ms)
77 [chromium] › tests/e2e/server-detail.spec.ts:114:1 › @detail a PENDING server with no discovery shows the empty state, one Connect action and no error banner (784ms)
78 [chromium] › tests/e2e/server-detail.spec.ts:134:1 › @detail an AUTH_FAILED error with no history shows the SS5.1 copy, the mono code, Retry and the empty state below, with no stat tiles (875ms)
79 [chromium] › tests/e2e/server-detail.spec.ts:157:1 › @detail a CONNECT_TIMEOUT error with a prior discovery shows the banner above stat tiles that stay present and visually dimmed (1.2s)
80 [chromium] › tests/e2e/server-detail.spec.ts:201:1 › @detail a CONNECTED server shows four formatted stat tiles and the three label/value groups including the fingerprint copy button (887ms)
81 [chromium] › tests/e2e/server-detail.spec.ts:232:1 › @detail a CONNECTING server shows the primary action disabled (803ms)
82 [chromium] › tests/e2e/server-detail.spec.ts:246:1 › @detail a stubbed 404 shows the not-found copy with a working link back to Servers (943ms)
