OK @eslint/js@9.39.5 -> git+https://github.com/eslint/eslint.git
OK @fastify/type-provider-zod@1.0.0 -> git+https://github.com/fastify/fastify-type-provider-zod.git
OK @playwright/test@1.63.0 -> git+https://github.com/microsoft/playwright.git
OK @radix-ui/react-checkbox@1.3.11 -> git+https://github.com/radix-ui/primitives.git
OK @radix-ui/react-collapsible@1.1.20 -> git+https://github.com/radix-ui/primitives.git
OK @radix-ui/react-dialog@1.1.23 -> git+https://github.com/radix-ui/primitives.git
OK @radix-ui/react-radio-group@1.4.7 -> git+https://github.com/radix-ui/primitives.git
OK @radix-ui/react-scroll-area@1.2.18 -> git+https://github.com/radix-ui/primitives.git
OK @radix-ui/react-tooltip@1.2.16 -> git+https://github.com/radix-ui/primitives.git
OK @radix-ui/react-visually-hidden@1.2.11 -> git+https://github.com/radix-ui/primitives.git
OK @tailwindcss/postcss@4.3.3 -> https://github.com/tailwindlabs/tailwindcss.git
OK @testcontainers/postgresql@12.1.0 -> git+https://github.com/testcontainers/testcontainers-node.git
OK @testcontainers/redis@12.1.0 -> git+https://github.com/testcontainers/testcontainers-node.git
OK @testing-library/dom@10.4.2 -> git+https://github.com/testing-library/dom-testing-library.git
OK @testing-library/jest-dom@7.0.1 -> git+https://github.com/testing-library/jest-dom.git
OK @testing-library/react@16.3.3 -> git+https://github.com/testing-library/react-testing-library.git
OK @testing-library/user-event@14.6.7 -> git+https://github.com/testing-library/user-event.git
OK @types/node@22.20.2 -> https://github.com/DefinitelyTyped/DefinitelyTyped.git
OK @types/pg@8.23.1 -> https://github.com/DefinitelyTyped/DefinitelyTyped.git
OK @types/react@19.3.0 -> https://github.com/DefinitelyTyped/DefinitelyTyped.git
OK @types/react-dom@19.3.0 -> https://github.com/DefinitelyTyped/DefinitelyTyped.git
OK @types/ssh2@1.15.6 -> https://github.com/DefinitelyTyped/DefinitelyTyped.git
OK @vitest/coverage-v8@5.0.0 -> git+https://github.com/vitest-dev/vitest.git
OK argon2@0.45.1 -> git+https://github.com/ranisalt/node-argon2.git
OK better-auth@1.7.4 -> git+https://github.com/better-auth/better-auth.git
OK bullmq@6.3.6 -> git+https://github.com/taskforcesh/bullmq.git
OK commander@15.0.0 -> git+https://github.com/tj/commander.js.git
OK drizzle-kit@0.31.10 -> git+https://github.com/drizzle-team/drizzle-orm.git
OK drizzle-orm@0.45.2 -> git+https://github.com/drizzle-team/drizzle-orm.git
OK eslint@9.39.5 -> git+https://github.com/eslint/eslint.git
OK fastify@5.12.3 -> git+https://github.com/fastify/fastify.git
OK globals@17.12.0 -> git+https://github.com/sindresorhus/globals.git
OK ioredis@5.11.1 -> git://github.com/luin/ioredis.git
OK jsdom@30.1.0 -> git+https://github.com/jsdom/jsdom.git
OK lucide-react@1.47.0 -> https://github.com/lucide-icons/lucide.git
OK next@16.3.5 -> git+https://github.com/vercel/next.js.git
OK pg@8.23.0 -> git://github.com/brianc/node-postgres.git
OK pino@10.3.1 -> git+https://github.com/pinojs/pino.git
OK prettier@3.9.6 -> git+https://github.com/prettier/prettier.git
OK react@19.3.0 -> git+https://github.com/react/react.git
OK react-dom@19.3.0 -> git+https://github.com/react/react.git
OK set-cookie-parser@3.1.2 -> git+https://github.com/nfriedly/set-cookie-parser.git
OK ssh2@1.17.0 -> git+ssh://git@github.com/mscdex/ssh2.git
OK tailwindcss@4.3.3 -> https://github.com/tailwindlabs/tailwindcss.git
OK testcontainers@12.1.0 -> git+https://github.com/testcontainers/testcontainers-node.git
OK tsx@4.23.13 -> git+https://github.com/privatenumber/tsx.git
OK turbo@2.10.12 -> git+https://github.com/vercel/turborepo.git
OK typescript@6.0.3 -> git+https://github.com/microsoft/TypeScript.git
OK typescript-eslint@8.70.0 -> https://github.com/typescript-eslint/typescript-eslint.git
OK uuidv7@1.2.1 -> git+https://github.com/LiosK/uuidv7.git
OK vitest@5.0.0 -> git+https://github.com/vitest-dev/vitest.git
OK zod@4.6.1 -> git+https://github.com/colinhacks/zod.git

Coverage: 52/52 locked direct dependencies verified.
